playWithAFriend=Ulin jeung batur
playWithTheMachine=Ulin jeung komputer
whiteResigned=Wit geeft op
blackResigned=Zwart geeft op
whiteLeftTheGame=Wit heeft het spel verlaten
blackLeftTheGame=Zwart heeft het spel verlaten
theComputerAnalysisHasFailed=De computer-analyse is mislukt
viewTheComputerAnalysis=Geef computer-analyse weer
requestAComputerAnalysis=Verzoek een computer-analyse
computerAnalysis=Computer-analyse
analysis=Analyse-bord
mistakes=Fouten
inaccuracies=Onnauwkeurigheidjes
flipBoard=Draai bord
claimADraw=Eis remise op
offerDraw=Verzoek remise
draw=Remise
gamesBeingPlayedRightNow=Lopende partijen
logOut=Log uit
signIn=Log in
newToLichess=Nieuw bij Lichess?
youNeedAnAccountToDoThat=Je hebt een account nodig voor deze functie
signUp=Registreer
computersAreNotAllowedToPlay=Computers en computer-geassisteerde spelers zijn niet toegestaan om te spelen. Gebruik a.u.b geen assistentie van schaakcomputers, databases, of andere spelers tijdens een partij. Let op dat het maken van meerdere accounts afgeraden wordt en gebruikers met overdreven veel accounts zullen verboden worden.
games=Partijen
forum=Forum
latestForumPosts=Laatste forumberichten
players=Spelers
variant=Variant
variants=Varianten
realTime=Live
correspondence=Correspondentie
daysPerTurn=Dagen per zet
oneDay=Een dag
time=Tijd
username=Sim kuring
usernameOrEmail=Gebruikersnaam of e-mailadres
password=Wachtwoord
haveAnAccount=Al een account?
changePassword=Wijzig wachtwoord
changeEmail=Wijzig e-mailadres
email=e-mailadres
emailIsOptional=E-mail is optioneel. Lichess gebruikt je e-mailadres om je wachtwoord te wijzigen als je die vergeten bent.
forgotPassword=Wachtwoord vergeten?
rank=Rang
gamesPlayed=gespeelde partijen
declineInvitation=Weiger uitnodiging
cancel=Annuleer
